Archive member included to satisfy reference by file (symbol)

c:/mounriver/mounriver_studio/toolchain/risc-v embedded gcc/bin/../lib/gcc/riscv-none-embed/8.2.0/rv32ecxw/ilp32e\libgcc.a(save-restore.o)
                              ./User/TTS.o (__riscv_save_2)
c:/mounriver/mounriver_studio/toolchain/risc-v embedded gcc/bin/../lib/gcc/riscv-none-embed/8.2.0/rv32ecxw/ilp32e\libgcc.a(muldi3.o)
                              ./Debug/debug.o (__mulsi3)
c:/mounriver/mounriver_studio/toolchain/risc-v embedded gcc/bin/../lib/gcc/riscv-none-embed/8.2.0/rv32ecxw/ilp32e\libgcc.a(div.o)
                              ./User/TTS.o (__divsi3)
c:/mounriver/mounriver_studio/toolchain/risc-v embedded gcc/bin/../lib/gcc/riscv-none-embed/8.2.0/../../../../riscv-none-embed/lib/rv32ecxw/ilp32e\libg_nano.a(lib_a-atoi.o)
                              ./User/main.o (atoi)
c:/mounriver/mounriver_studio/toolchain/risc-v embedded gcc/bin/../lib/gcc/riscv-none-embed/8.2.0/../../../../riscv-none-embed/lib/rv32ecxw/ilp32e\libg_nano.a(lib_a-memset.o)
                              ./User/main.o (memset)
c:/mounriver/mounriver_studio/toolchain/risc-v embedded gcc/bin/../lib/gcc/riscv-none-embed/8.2.0/../../../../riscv-none-embed/lib/rv32ecxw/ilp32e\libg_nano.a(lib_a-strtol.o)
                              c:/mounriver/mounriver_studio/toolchain/risc-v embedded gcc/bin/../lib/gcc/riscv-none-embed/8.2.0/../../../../riscv-none-embed/lib/rv32ecxw/ilp32e\libg_nano.a(lib_a-atoi.o) (_strtol_r)
c:/mounriver/mounriver_studio/toolchain/risc-v embedded gcc/bin/../lib/gcc/riscv-none-embed/8.2.0/../../../../riscv-none-embed/lib/rv32ecxw/ilp32e\libg_nano.a(lib_a-impure.o)
                              c:/mounriver/mounriver_studio/toolchain/risc-v embedded gcc/bin/../lib/gcc/riscv-none-embed/8.2.0/../../../../riscv-none-embed/lib/rv32ecxw/ilp32e\libg_nano.a(lib_a-strtol.o) (_impure_ptr)
c:/mounriver/mounriver_studio/toolchain/risc-v embedded gcc/bin/../lib/gcc/riscv-none-embed/8.2.0/../../../../riscv-none-embed/lib/rv32ecxw/ilp32e\libg_nano.a(lib_a-locale.o)
                              c:/mounriver/mounriver_studio/toolchain/risc-v embedded gcc/bin/../lib/gcc/riscv-none-embed/8.2.0/../../../../riscv-none-embed/lib/rv32ecxw/ilp32e\libg_nano.a(lib_a-strtol.o) (__locale_ctype_ptr_l)
c:/mounriver/mounriver_studio/toolchain/risc-v embedded gcc/bin/../lib/gcc/riscv-none-embed/8.2.0/../../../../riscv-none-embed/lib/rv32ecxw/ilp32e\libg_nano.a(lib_a-mbtowc_r.o)
                              c:/mounriver/mounriver_studio/toolchain/risc-v embedded gcc/bin/../lib/gcc/riscv-none-embed/8.2.0/../../../../riscv-none-embed/lib/rv32ecxw/ilp32e\libg_nano.a(lib_a-locale.o) (__ascii_mbtowc)
c:/mounriver/mounriver_studio/toolchain/risc-v embedded gcc/bin/../lib/gcc/riscv-none-embed/8.2.0/../../../../riscv-none-embed/lib/rv32ecxw/ilp32e\libg_nano.a(lib_a-strcmp.o)
                              c:/mounriver/mounriver_studio/toolchain/risc-v embedded gcc/bin/../lib/gcc/riscv-none-embed/8.2.0/../../../../riscv-none-embed/lib/rv32ecxw/ilp32e\libg_nano.a(lib_a-locale.o) (strcmp)
c:/mounriver/mounriver_studio/toolchain/risc-v embedded gcc/bin/../lib/gcc/riscv-none-embed/8.2.0/../../../../riscv-none-embed/lib/rv32ecxw/ilp32e\libg_nano.a(lib_a-wctomb_r.o)
                              c:/mounriver/mounriver_studio/toolchain/risc-v embedded gcc/bin/../lib/gcc/riscv-none-embed/8.2.0/../../../../riscv-none-embed/lib/rv32ecxw/ilp32e\libg_nano.a(lib_a-locale.o) (__ascii_wctomb)
c:/mounriver/mounriver_studio/toolchain/risc-v embedded gcc/bin/../lib/gcc/riscv-none-embed/8.2.0/../../../../riscv-none-embed/lib/rv32ecxw/ilp32e\libg_nano.a(lib_a-ctype_.o)
                              c:/mounriver/mounriver_studio/toolchain/risc-v embedded gcc/bin/../lib/gcc/riscv-none-embed/8.2.0/../../../../riscv-none-embed/lib/rv32ecxw/ilp32e\libg_nano.a(lib_a-locale.o) (_ctype_)

Discarded input sections

 .text          0x0000000000000000        0x0 ./User/TTS.o
 .data          0x0000000000000000        0x0 ./User/TTS.o
 .bss           0x0000000000000000        0x0 ./User/TTS.o
 .text.TTS      0x0000000000000000       0x14 ./User/TTS.o
 .text.sayText  0x0000000000000000      0x1de ./User/TTS.o
 .text.getPitch
                0x0000000000000000        0xa ./User/TTS.o
 .bss.text.4853
                0x0000000000000000       0x80 ./User/TTS.o
 .rodata.s_vocab
                0x0000000000000000      0x870 ./User/TTS.o
 .rodata.v100a  0x0000000000000000        0x4 ./User/TTS.o
 .rodata.v100b  0x0000000000000000        0x6 ./User/TTS.o
 .rodata.v101a  0x0000000000000000        0x4 ./User/TTS.o
 .rodata.v101b  0x0000000000000000        0x4 ./User/TTS.o
 .rodata.v102a  0x0000000000000000        0x4 ./User/TTS.o
 .rodata.v102b  0x0000000000000000        0x5 ./User/TTS.o
 .rodata.v103a  0x0000000000000000        0x4 ./User/TTS.o
 .rodata.v103b  0x0000000000000000        0x3 ./User/TTS.o
 .rodata.v104a  0x0000000000000000        0x4 ./User/TTS.o
 .rodata.v104b  0x0000000000000000        0x7 ./User/TTS.o
[...]
Memory Configuration

Name             Origin             Length             Attributes
FLASH            0x0000000000000000 0x0000000000004000 xr
RAM              0x0000000020000000 0x0000000000000800 xrw
*default*        0x0000000000000000 0xffffffffffffffff

Linker script and memory map

LOAD ./User/TTS.o
LOAD ./User/ch32v00x_it.o
LOAD ./User/main.o
LOAD ./User/sound.o
LOAD ./User/system_ch32v00x.o
LOAD ./Startup/startup_ch32v00x.o
LOAD ./Peripheral/src/ch32v00x_adc.o
LOAD ./Peripheral/src/ch32v00x_dbgmcu.o
LOAD ./Peripheral/src/ch32v00x_dma.o
LOAD ./Peripheral/src/ch32v00x_exti.o
LOAD ./Peripheral/src/ch32v00x_flash.o
LOAD ./Peripheral/src/ch32v00x_gpio.o
LOAD ./Peripheral/src/ch32v00x_i2c.o
LOAD ./Peripheral/src/ch32v00x_iwdg.o
LOAD ./Peripheral/src/ch32v00x_misc.o
LOAD ./Peripheral/src/ch32v00x_opa.o
LOAD ./Peripheral/src/ch32v00x_pwr.o
LOAD ./Peripheral/src/ch32v00x_rcc.o
LOAD ./Peripheral/src/ch32v00x_spi.o
LOAD ./Peripheral/src/ch32v00x_tim.o
LOAD ./Peripheral/src/ch32v00x_usart.o
LOAD ./Peripheral/src/ch32v00x_wwdg.o
LOAD ./Debug/debug.o
LOAD ./Core/core_riscv.o
LOAD c:/mounriver/mounriver_studio/toolchain/risc-v embedded gcc/bin/../lib/gcc/riscv-none-embed/8.2.0/../../../../riscv-none-embed/lib/rv32ecxw/ilp32e\libprintf.a
LOAD c:/mounriver/mounriver_studio/toolchain/risc-v embedded gcc/bin/../lib/gcc/riscv-none-embed/8.2.0/rv32ecxw/ilp32e\libgcc.a
LOAD c:/mounriver/mounriver_studio/toolchain/risc-v embedded gcc/bin/../lib/gcc/riscv-none-embed/8.2.0/../../../../riscv-none-embed/lib/rv32ecxw/ilp32e\libg_nano.a
LOAD c:/mounriver/mounriver_studio/toolchain/risc-v embedded gcc/bin/../lib/gcc/riscv-none-embed/8.2.0/../../../../riscv-none-embed/lib/rv32ecxw/ilp32e\libc_nano.a
LOAD c:/mounriver/mounriver_studio/toolchain/risc-v embedded gcc/bin/../lib/gcc/riscv-none-embed/8.2.0/rv32ecxw/ilp32e\libgcc.a
START GROUP
LOAD c:/mounriver/mounriver_studio/toolchain/risc-v embedded gcc/bin/../lib/gcc/riscv-none-embed/8.2.0/rv32ecxw/ilp32e\libgcc.a
LOAD c:/mounriver/mounriver_studio/toolchain/risc-v embedded gcc/bin/../lib/gcc/riscv-none-embed/8.2.0/../../../../riscv-none-embed/lib/rv32ecxw/ilp32e\libc_nano.a
LOAD c:/mounriver/mounriver_studio/toolchain/risc-v embedded gcc/bin/../lib/gcc/riscv-none-embed/8.2.0/../../../../riscv-none-embed/lib/rv32ecxw/ilp32e\libnosys.a
END GROUP
START GROUP
LOAD c:/mounriver/mounriver_studio/toolchain/risc-v embedded gcc/bin/../lib/gcc/riscv-none-embed/8.2.0/rv32ecxw/ilp32e\libgcc.a
LOAD c:/mounriver/mounriver_studio/toolchain/risc-v embedded gcc/bin/../lib/gcc/riscv-none-embed/8.2.0/../../../../riscv-none-embed/lib/rv32ecxw/ilp32e\libc_nano.a
LOAD c:/mounriver/mounriver_studio/toolchain/risc-v embedded gcc/bin/../lib/gcc/riscv-none-embed/8.2.0/../../../../riscv-none-embed/lib/rv32ecxw/ilp32e\libnosys.a
END GROUP
                0x0000000000000100                __stack_size = 0x100
                [!provide]                        PROVIDE (_stack_size = __stack_size)

.init           0x0000000000000000       0xa0
                0x0000000000000000                _sinit = .
                0x0000000000000000                . = ALIGN (0x4)
 *(SORT_NONE(.init))
 .init          0x0000000000000000       0x9e ./Startup/startup_ch32v00x.o
                0x0000000000000000                _start
                0x00000000000000a0                . = ALIGN (0x4)
 *fill*         0x000000000000009e        0x2 
                0x00000000000000a0                _einit = .

.text           0x00000000000000a0     0x2314
                0x00000000000000a0                . = ALIGN (0x4)
 *(.text)
 .text          0x00000000000000a0       0x14 c:/mounriver/mounriver_studio/toolchain/risc-v embedded gcc/bin/../lib/gcc/riscv-none-embed/8.2.0/rv32ecxw/ilp32e\libgcc.a(save-restore.o)
                0x00000000000000a0                __riscv_save_1
                0x00000000000000a0                __riscv_save_2
                0x00000000000000a0                __riscv_save_0
                0x00000000000000aa                __riscv_restore_0
                0x00000000000000aa                __riscv_restore_1
                0x00000000000000aa                __riscv_restore_2
 .text          0x00000000000000b4       0x16 c:/mounriver/mounriver_studio/toolchain/risc-v embedded gcc/bin/../lib/gcc/riscv-none-embed/8.2.0/rv32ecxw/ilp32e\libgcc.a(muldi3.o)
                0x00000000000000b4                __mulsi3
 *fill*         0x00000000000000ca        0x2 
 .text          0x00000000000000cc       0x7e c:/mounriver/mounriver_studio/toolchain/risc-v embedded gcc/bin/../lib/gcc/riscv-none-embed/8.2.0/rv32ecxw/ilp32e\libgcc.a(div.o)
                0x00000000000000cc                __divsi3
                0x00000000000000d4                __udivsi3
                0x0000000000000100                __umodsi3
                0x0000000000000124                __modsi3
 .text          0x000000000000014a       0xa8 c:/mounriver/mounriver_studio/toolchain/risc-v embedded gcc/bin/../lib/gcc/riscv-none-embed/8.2.0/../../../../riscv-none-embed/lib/rv32ecxw/ilp32e\libg_nano.a(lib_a-memset.o)
                0x000000000000014a                memset
 *(.text.*)
 .text.random2  0x00000000000001f2       0x66 ./User/TTS.o
 .text.playTone
                0x0000000000000258       0x88 ./User/TTS.o
 .text.play.constprop.0
                0x00000000000002e0       0x34 ./User/TTS.o
 .text.sayPhonemes
                0x0000000000000314      0x562 ./User/TTS.o
                0x0000000000000314                sayPhonemes
 .text.setPitch
                0x0000000000000876        0x6 ./User/TTS.o
                0x0000000000000876                setPitch
 .text.NMI_Handler
                0x000000000000087c        0x4 ./User/ch32v00x_it.o
                0x000000000000087c                NMI_Handler
 .text.HardFault_Handler
                0x0000000000000880        0x2 ./User/ch32v00x_it.o
                0x0000000000000880                HardFault_Handler
 .text.USARTx_CFG
                0x0000000000000882       0x88 ./User/main.o
                0x0000000000000882                USARTx_CFG
 .text.DMA_Rx_Init
                0x000000000000090a       0x5e ./User/main.o
                0x000000000000090a                DMA_Rx_Init
 .text.audioOn  0x0000000000000968       0x92 ./User/main.o
                0x0000000000000968                audioOn
 .text.startup.main
                0x00000000000009fa       0xd2 ./User/main.o
                0x00000000000009fa                main
 .text.soundOff
                0x0000000000000acc        0xa ./User/sound.o
                0x0000000000000acc                soundOff
 .text.soundOn  0x0000000000000ad6        0x2 ./User/sound.o
                0x0000000000000ad6                soundOn
 .text.sound    0x0000000000000ad8        0xe ./User/sound.o
                0x0000000000000ad8                sound
 .text.SystemInit
                0x0000000000000ae6       0x90 ./User/system_ch32v00x.o
                0x0000000000000ae6                SystemInit
 .text.vector_handler
                0x0000000000000b76       0x36 ./Startup/startup_ch32v00x.o
                0x0000000000000b7a                SysTick_Handler
                0x0000000000000b7c                SW_Handler
                0x0000000000000b7e                WWDG_IRQHandler
                0x0000000000000b80                PVD_IRQHandler
                0x0000000000000b82                FLASH_IRQHandler
                0x0000000000000b84                RCC_IRQHandler
                0x0000000000000b86                EXTI7_0_IRQHandler
                0x0000000000000b88                AWU_IRQHandler
                0x0000000000000b8a                DMA1_Channel1_IRQHandler
                0x0000000000000b8c                DMA1_Channel2_IRQHandler
                0x0000000000000b8e                DMA1_Channel3_IRQHandler
                0x0000000000000b90                DMA1_Channel4_IRQHandler
                0x0000000000000b92                DMA1_Channel5_IRQHandler
                0x0000000000000b94                DMA1_Channel6_IRQHandler
                0x0000000000000b96                DMA1_Channel7_IRQHandler
                0x0000000000000b98                ADC1_IRQHandler
                0x0000000000000b9a                I2C1_EV_IRQHandler
                0x0000000000000b9c                I2C1_ER_IRQHandler
                0x0000000000000b9e                USART1_IRQHandler
                0x0000000000000ba0                SPI1_IRQHandler
                0x0000000000000ba2                TIM1_BRK_IRQHandler
                0x0000000000000ba4                TIM1_UP_IRQHandler
                0x0000000000000ba6                TIM1_TRG_COM_IRQHandler
                0x0000000000000ba8                TIM1_CC_IRQHandler
                0x0000000000000baa                TIM2_IRQHandler
 .text.handle_reset
                0x0000000000000bac       0x7c ./Startup/startup_ch32v00x.o
                0x0000000000000bac                handle_reset
 .text.DMA_DeInit
                0x0000000000000c28       0x92 ./Peripheral/src/ch32v00x_dma.o
                0x0000000000000c28                DMA_DeInit
 .text.DMA_Init
                0x0000000000000cba       0x38 ./Peripheral/src/ch32v00x_dma.o
                0x0000000000000cba                DMA_Init
 .text.DMA_Cmd  0x0000000000000cf2       0x14 ./Peripheral/src/ch32v00x_dma.o
                0x0000000000000cf2                DMA_Cmd
 .text.DMA_GetCurrDataCounter
                0x0000000000000d06        0x8 ./Peripheral/src/ch32v00x_dma.o
                0x0000000000000d06                DMA_GetCurrDataCounter
 .text.GPIO_Init
                0x0000000000000d0e       0xd6 ./Peripheral/src/ch32v00x_gpio.o
                0x0000000000000d0e                GPIO_Init
 .text.NVIC_PriorityGroupConfig
                0x0000000000000de4        0x6 ./Peripheral/src/ch32v00x_misc.o
                0x0000000000000de4                NVIC_PriorityGroupConfig
 .text.RCC_GetClocksFreq
                0x0000000000000dea       0x9c ./Peripheral/src/ch32v00x_rcc.o
                0x0000000000000dea                RCC_GetClocksFreq
 .text.RCC_AHBPeriphClockCmd
                0x0000000000000e86       0x1e ./Peripheral/src/ch32v00x_rcc.o
                0x0000000000000e86                RCC_AHBPeriphClockCmd
 .text.RCC_APB2PeriphClockCmd
                0x0000000000000ea4       0x1e ./Peripheral/src/ch32v00x_rcc.o
                0x0000000000000ea4                RCC_APB2PeriphClockCmd
 .text.TIM_TimeBaseInit
                0x0000000000000ec2       0x4e ./Peripheral/src/ch32v00x_tim.o
                0x0000000000000ec2                TIM_TimeBaseInit
 .text.TIM_OC4Init
                0x0000000000000f10       0x6e ./Peripheral/src/ch32v00x_tim.o
                0x0000000000000f10                TIM_OC4Init
 .text.TIM_Cmd  0x0000000000000f7e       0x18 ./Peripheral/src/ch32v00x_tim.o
                0x0000000000000f7e                TIM_Cmd
 .text.TIM_CtrlPWMOutputs
                0x0000000000000f96       0x16 ./Peripheral/src/ch32v00x_tim.o
                0x0000000000000f96                TIM_CtrlPWMOutputs
 .text.TIM_ARRPreloadConfig
                0x0000000000000fac       0x1a ./Peripheral/src/ch32v00x_tim.o
                0x0000000000000fac                TIM_ARRPreloadConfig
 .text.TIM_OC4PreloadConfig
                0x0000000000000fc6       0x16 ./Peripheral/src/ch32v00x_tim.o
                0x0000000000000fc6                TIM_OC4PreloadConfig
 .text.USART_Init
                0x0000000000000fdc       0xcc ./Peripheral/src/ch32v00x_usart.o
                0x0000000000000fdc                USART_Init
 .text.USART_Cmd
                0x00000000000010a8       0x16 ./Peripheral/src/ch32v00x_usart.o
                0x00000000000010a8                USART_Cmd
 .text.USART_DMACmd
                0x00000000000010be       0x12 ./Peripheral/src/ch32v00x_usart.o
                0x00000000000010be                USART_DMACmd
 .text.Delay_Init
                0x00000000000010d0       0x34 ./Debug/debug.o
                0x00000000000010d0                Delay_Init
 .text.Delay_Us
                0x0000000000001104       0x3a ./Debug/debug.o
                0x0000000000001104                Delay_Us
 .text.USART_Printf_Init
                0x000000000000113e       0x54 ./Debug/debug.o
                0x000000000000113e                USART_Printf_Init
 .text.atoi     0x0000000000001192        0x6 c:/mounriver/mounriver_studio/toolchain/risc-v embedded gcc/bin/../lib/gcc/riscv-none-embed/8.2.0/../../../../riscv-none-embed/lib/rv32ecxw/ilp32e\libg_nano.a(lib_a-atoi.o)
                0x0000000000001192                atoi
 .text._strtol_l.isra.0
                0x0000000000001198      0x166 c:/mounriver/mounriver_studio/toolchain/risc-v embedded gcc/bin/../lib/gcc/riscv-none-embed/8.2.0/../../../../riscv-none-embed/lib/rv32ecxw/ilp32e\libg_nano.a(lib_a-strtol.o)
 .text.strtol   0x00000000000012fe       0x20 c:/mounriver/mounriver_studio/toolchain/risc-v embedded gcc/bin/../lib/gcc/riscv-none-embed/8.2.0/../../../../riscv-none-embed/lib/rv32ecxw/ilp32e\libg_nano.a(lib_a-strtol.o)
                0x00000000000012fe                strtol
 .text.__locale_ctype_ptr_l
                0x000000000000131e        0x6 c:/mounriver/mounriver_studio/toolchain/risc-v embedded gcc/bin/../lib/gcc/riscv-none-embed/8.2.0/../../../../riscv-none-embed/lib/rv32ecxw/ilp32e\libg_nano.a(lib_a-locale.o)
                0x000000000000131e                __locale_ctype_ptr_l
 .text.__ascii_mbtowc
                0x0000000000001324       0x32 c:/mounriver/mounriver_studio/toolchain/risc-v embedded gcc/bin/../lib/gcc/riscv-none-embed/8.2.0/../../../../riscv-none-embed/lib/rv32ecxw/ilp32e\libg_nano.a(lib_a-mbtowc_r.o)
                0x0000000000001324                __ascii_mbtowc
 .text.__ascii_wctomb
                0x0000000000001356       0x1e c:/mounriver/mounriver_studio/toolchain/risc-v embedded gcc/bin/../lib/gcc/riscv-none-embed/8.2.0/../../../../riscv-none-embed/lib/rv32ecxw/ilp32e\libg_nano.a(lib_a-wctomb_r.o)
                0x0000000000001356                __ascii_wctomb
 *(.rodata)
 *(.rodata*)
 *fill*         0x0000000000001374        0x0 
 .rodata.PitchesP
                0x0000000000001374        0x8 ./User/TTS.o
 .rodata.SoundData
                0x000000000000137c      0xa00 ./User/TTS.o
 .rodata.SoundIndex
                0x0000000000001d7c       0x7b ./User/TTS.o
 *fill*         0x0000000000001df7        0x1 
 .rodata.p10a   0x0000000000001df8        0x2 ./User/TTS.o
 *fill*         0x0000000000001dfa        0x2 
 .rodata.p10b   0x0000000000001dfc        0x3 ./User/TTS.o
 *fill*         0x0000000000001dff        0x1 
 .rodata.p11a   0x0000000000001e00        0x2 ./User/TTS.o
 *fill*         0x0000000000001e02        0x2 
 .rodata.p11b   0x0000000000001e04        0x3 ./User/TTS.o
 *fill*         0x0000000000001e07        0x1 
 .rodata.p12a   0x0000000000001e08        0x3 ./User/TTS.o
 *fill*         0x0000000000001e0b        0x1 
 .rodata.p12b   0x0000000000001e0c        0x3 ./User/TTS.o
 *fill*         0x0000000000001e0f        0x1 
 .rodata.p13a   0x0000000000001e10        0x2 ./User/TTS.o
 *fill*         0x0000000000001e12        0x2 
 .rodata.p13b   0x0000000000001e14        0x3 ./User/TTS.o
 *fill*         0x0000000000001e17        0x1 
 .rodata.p14a   0x0000000000001e18        0x3 ./User/TTS.o
 *fill*         0x0000000000001e1b        0x1 
 .rodata.p14b   0x0000000000001e1c        0x3 ./User/TTS.o
 *fill*         0x0000000000001e1f        0x1 
 .rodata.p15a   0x0000000000001e20        0x2 ./User/TTS.o
 *fill*         0x0000000000001e22        0x2 
 .rodata.p15b   0x0000000000001e24        0x3 ./User/TTS.o
 *fill*         0x0000000000001e27        0x1 
 .rodata.p16a   0x0000000000001e28        0x2 ./User/TTS.o
 *fill*         0x0000000000001e2a        0x2 
 .rodata.p16b   0x0000000000001e2c        0x3 ./User/TTS.o
 *fill*         0x0000000000001e2f        0x1 
 .rodata.p17a   0x0000000000001e30        0x2 ./User/TTS.o
 *fill*         0x0000000000001e32        0x2 
 .rodata.p17b   0x0000000000001e34        0x3 ./User/TTS.o
 *fill*         0x0000000000001e37        0x1 
 .rodata.p18a   0x0000000000001e38        0x2 ./User/TTS.o
 *fill*         0x0000000000001e3a        0x2 
 .rodata.p18b   0x0000000000001e3c        0x3 ./User/TTS.o
 *fill*         0x0000000000001e3f        0x1 
 .rodata.p19a   0x0000000000001e40        0x2 ./User/TTS.o
 *fill*         0x0000000000001e42        0x2 
 .rodata.p19b   0x0000000000001e44        0x3 ./User/TTS.o
 *fill*         0x0000000000001e47        0x1 
 .rodata.p1a    0x0000000000001e48        0x4 ./User/TTS.o
 .rodata.p1b    0x0000000000001e4c        0x7 ./User/TTS.o
 *fill*         0x0000000000001e53        0x1 
 .rodata.p20a   0x0000000000001e54        0x2 ./User/TTS.o
 *fill*         0x0000000000001e56        0x2 
 .rodata.p20b   0x0000000000001e58        0x3 ./User/TTS.o
 *fill*         0x0000000000001e5b        0x1 
 .rodata.p21a   0x0000000000001e5c        0x3 ./User/TTS.o
 *fill*         0x0000000000001e5f        0x1 
 .rodata.p21b   0x0000000000001e60        0x7 ./User/TTS.o
 *fill*         0x0000000000001e67        0x1 
 .rodata.p22a   0x0000000000001e68        0x2 ./User/TTS.o
 *fill*         0x0000000000001e6a        0x2 
 .rodata.p22b   0x0000000000001e6c        0x3 ./User/TTS.o
 *fill*         0x0000000000001e6f        0x1 
 .rodata.p23a   0x0000000000001e70        0x3 ./User/TTS.o
 *fill*         0x0000000000001e73        0x1 
 .rodata.p23b   0x0000000000001e74        0x3 ./User/TTS.o
 *fill*         0x0000000000001e77        0x1 
 .rodata.p24a   0x0000000000001e78        0x3 ./User/TTS.o
 *fill*         0x0000000000001e7b        0x1 
 .rodata.p24b   0x0000000000001e7c        0x3 ./User/TTS.o
 *fill*         0x0000000000001e7f        0x1 
 .rodata.p25a   0x0000000000001e80        0x2 ./User/TTS.o
 *fill*         0x0000000000001e82        0x2 
 .rodata.p25b   0x0000000000001e84        0x7 ./User/TTS.o
 *fill*         0x0000000000001e8b        0x1 
 .rodata.p26a   0x0000000000001e8c        0x2 ./User/TTS.o
 *fill*         0x0000000000001e8e        0x2 
 .rodata.p26b   0x0000000000001e90        0x3 ./User/TTS.o
 *fill*         0x0000000000001e93        0x1 
 .rodata.p27a   0x0000000000001e94        0x3 ./User/TTS.o
 *fill*         0x0000000000001e97        0x1 
 .rodata.p27b   0x0000000000001e98        0x3 ./User/TTS.o
 *fill*         0x0000000000001e9b        0x1 
 .rodata.p28a   0x0000000000001e9c        0x3 ./User/TTS.o
 *fill*         0x0000000000001e9f        0x1 
 .rodata.p28b   0x0000000000001ea0        0x3 ./User/TTS.o
 *fill*         0x0000000000001ea3        0x1 
 .rodata.p29a   0x0000000000001ea4        0x2 ./User/TTS.o
 *fill*         0x0000000000001ea6        0x2 
 .rodata.p29b   0x0000000000001ea8        0x3 ./User/TTS.o
 *fill*         0x0000000000001eab        0x1 
 .rodata.p2a    0x0000000000001eac        0x3 ./User/TTS.o
 *fill*         0x0000000000001eaf        0x1 
 .rodata.p2b    0x0000000000001eb0        0x3 ./User/TTS.o
 *fill*         0x0000000000001eb3        0x1 
 .rodata.p30a   0x0000000000001eb4        0x3 ./User/TTS.o
 *fill*         0x0000000000001eb7        0x1 
 .rodata.p30b   0x0000000000001eb8        0x3 ./User/TTS.o
 *fill*         0x0000000000001ebb        0x1 
 .rodata.p31a   0x0000000000001ebc        0x3 ./User/TTS.o
 *fill*         0x0000000000001ebf        0x1 
 .rodata.p31b   0x0000000000001ec0        0x3 ./User/TTS.o
 *fill*         0x0000000000001ec3        0x1 
 .rodata.p32a   0x0000000000001ec4        0x3 ./User/TTS.o
 *fill*         0x0000000000001ec7        0x1 
 .rodata.p32b   0x0000000000001ec8        0x5 ./User/TTS.o
 *fill*         0x0000000000001ecd        0x3 
 .rodata.p33a   0x0000000000001ed0        0x3 ./User/TTS.o
 *fill*         0x0000000000001ed3        0x1 
 .rodata.p33b   0x0000000000001ed4        0x7 ./User/TTS.o
 *fill*         0x0000000000001edb        0x1 
 .rodata.p34a   0x0000000000001edc        0x3 ./User/TTS.o
 *fill*         0x0000000000001edf        0x1 
 .rodata.p34b   0x0000000000001ee0        0x7 ./User/TTS.o
 *fill*         0x0000000000001ee7        0x1 
 .rodata.p35a   0x0000000000001ee8        0x2 ./User/TTS.o
 *fill*         0x0000000000001eea        0x2 
 .rodata.p35b   0x0000000000001eec        0x3 ./User/TTS.o
 *fill*         0x0000000000001eef        0x1 
 .rodata.p36a   0x0000000000001ef0        0x2 ./User/TTS.o
 *fill*         0x0000000000001ef2        0x2 
 .rodata.p36b   0x0000000000001ef4        0x3 ./User/TTS.o
 *fill*         0x0000000000001ef7        0x1 
 .rodata.p37a   0x0000000000001ef8        0x2 ./User/TTS.o
 *fill*         0x0000000000001efa        0x2 
 .rodata.p37b   0x0000000000001efc        0x3 ./User/TTS.o
 *fill*         0x0000000000001eff        0x1 
 .rodata.p38a   0x0000000000001f00        0x2 ./User/TTS.o
 *fill*         0x0000000000001f02        0x2 
 .rodata.p38b   0x0000000000001f04        0x3 ./User/TTS.o
 *fill*         0x0000000000001f07        0x1 
 .rodata.p39a   0x0000000000001f08        0x2 ./User/TTS.o
 *fill*         0x0000000000001f0a        0x2 
 .rodata.p39b   0x0000000000001f0c        0x3 ./User/TTS.o
 *fill*         0x0000000000001f0f        0x1 
 .rodata.p3a    0x0000000000001f10        0x3 ./User/TTS.o
 *fill*         0x0000000000001f13        0x1 
 .rodata.p3b    0x0000000000001f14        0x3 ./User/TTS.o
 *fill*         0x0000000000001f17        0x1 
 .rodata.p40a   0x0000000000001f18        0x3 ./User/TTS.o
 *fill*         0x0000000000001f1b        0x1 
 .rodata.p40b   0x0000000000001f1c        0x3 ./User/TTS.o
 *fill*         0x0000000000001f1f        0x1 
 .rodata.p41a   0x0000000000001f20        0x3 ./User/TTS.o
 *fill*         0x0000000000001f23        0x1 
 .rodata.p41b   0x0000000000001f24        0x3 ./User/TTS.o
 *fill*         0x0000000000001f27        0x1 
 .rodata.p42a   0x0000000000001f28        0x3 ./User/TTS.o
 *fill*         0x0000000000001f2b        0x1 
 .rodata.p42b   0x0000000000001f2c        0x3 ./User/TTS.o
 *fill*         0x0000000000001f2f        0x1 
 .rodata.p43a   0x0000000000001f30        0x3 ./User/TTS.o
 *fill*         0x0000000000001f33        0x1 
 .rodata.p43b   0x0000000000001f34        0x3 ./User/TTS.o
 *fill*         0x0000000000001f37        0x1 
 .rodata.p44a   0x0000000000001f38        0x3 ./User/TTS.o
 *fill*         0x0000000000001f3b        0x1 
 .rodata.p44b   0x0000000000001f3c        0x7 ./User/TTS.o
 *fill*         0x0000000000001f43        0x1 
 .rodata.p45a   0x0000000000001f44        0x3 ./User/TTS.o
 *fill*         0x0000000000001f47        0x1 
 .rodata.p45b   0x0000000000001f48        0x7 ./User/TTS.o
 *fill*         0x0000000000001f4f        0x1 
 .rodata.p46a   0x0000000000001f50        0x3 ./User/TTS.o
 *fill*         0x0000000000001f53        0x1 
 .rodata.p46b   0x0000000000001f54        0x9 ./User/TTS.o
 *fill*         0x0000000000001f5d        0x3 
 .rodata.p47a   0x0000000000001f60        0x3 ./User/TTS.o
 *fill*         0x0000000000001f63        0x1 
 .rodata.p47b   0x0000000000001f64        0x3 ./User/TTS.o
 *fill*         0x0000000000001f67        0x1 
 .rodata.p48a   0x0000000000001f68        0x3 ./User/TTS.o
 *fill*         0x0000000000001f6b        0x1 
 .rodata.p48b   0x0000000000001f6c        0x3 ./User/TTS.o
 *fill*         0x0000000000001f6f        0x1 
 .rodata.p49a   0x0000000000001f70        0x3 ./User/TTS.o
 *fill*         0x0000000000001f73        0x1 
 .rodata.p49b   0x0000000000001f74        0x5 ./User/TTS.o
 *fill*         0x0000000000001f79        0x3 
 .rodata.p4a    0x0000000000001f7c        0x3 ./User/TTS.o
 *fill*         0x0000000000001f7f        0x1 
 .rodata.p4b    0x0000000000001f80        0x5 ./User/TTS.o
 *fill*         0x0000000000001f85        0x3 
 .rodata.p50a   0x0000000000001f88        0x3 ./User/TTS.o
 *fill*         0x0000000000001f8b        0x1 
 .rodata.p50b   0x0000000000001f8c        0x3 ./User/TTS.o
 *fill*         0x0000000000001f8f        0x1 
 .rodata.p51a   0x0000000000001f90        0x2 ./User/TTS.o
 *fill*         0x0000000000001f92        0x2 
 .rodata.p51b   0x0000000000001f94        0x3 ./User/TTS.o
 *fill*         0x0000000000001f97        0x1 
 .rodata.p52a   0x0000000000001f98        0x3 ./User/TTS.o
 *fill*         0x0000000000001f9b        0x1 
 .rodata.p52b   0x0000000000001f9c        0x5 ./User/TTS.o
 *fill*         0x0000000000001fa1        0x3 
 .rodata.p53a   0x0000000000001fa4        0x2 ./User/TTS.o
 *fill*         0x0000000000001fa6        0x2 
 .rodata.p53b   0x0000000000001fa8        0x3 ./User/TTS.o
 *fill*         0x0000000000001fab        0x1 
 .rodata.p54a   0x0000000000001fac        0x2 ./User/TTS.o
 *fill*         0x0000000000001fae        0x2 
 .rodata.p54b   0x0000000000001fb0        0x5 ./User/TTS.o
 *fill*         0x0000000000001fb5        0x3 
 .rodata.p55a   0x0000000000001fb8        0x2 ./User/TTS.o
 *fill*         0x0000000000001fba        0x2 
 .rodata.p55b   0x0000000000001fbc        0x5 ./User/TTS.o
 *fill*         0x0000000000001fc1        0x3 
 .rodata.p56a   0x0000000000001fc4        0x2 ./User/TTS.o
 *fill*         0x0000000000001fc6        0x2 
 .rodata.p56b   0x0000000000001fc8        0x5 ./User/TTS.o
 *fill*         0x0000000000001fcd        0x3 
 .rodata.p5a    0x0000000000001fd0        0x2 ./User/TTS.o
 *fill*         0x0000000000001fd2        0x2 
 .rodata.p5b    0x0000000000001fd4        0x3 ./User/TTS.o
 *fill*         0x0000000000001fd7        0x1 
 .rodata.p6a    0x0000000000001fd8        0x3 ./User/TTS.o
 *fill*         0x0000000000001fdb        0x1 
 .rodata.p6b    0x0000000000001fdc        0x3 ./User/TTS.o
 *fill*         0x0000000000001fdf        0x1 
 .rodata.p7a    0x0000000000001fe0        0x3 ./User/TTS.o
 *fill*         0x0000000000001fe3        0x1 
 .rodata.p7b    0x0000000000001fe4        0x5 ./User/TTS.o
 *fill*         0x0000000000001fe9        0x3 
 .rodata.p8a    0x0000000000001fec        0x3 ./User/TTS.o
 *fill*         0x0000000000001fef        0x1 
 .rodata.p8b    0x0000000000001ff0        0x3 ./User/TTS.o
 *fill*         0x0000000000001ff3        0x1 
 .rodata.p9a    0x0000000000001ff4        0x3 ./User/TTS.o
 *fill*         0x0000000000001ff7        0x1 
 .rodata.p9b    0x0000000000001ff8        0x3 ./User/TTS.o
 *fill*         0x0000000000001ffb        0x1 
 .rodata.s_phonemes
                0x0000000000001ffc      0x2a0 ./User/TTS.o
 .rodata._setlocale_r.str1.4
                0x000000000000229c        0xd c:/mounriver/mounriver_studio/toolchain/risc-v embedded gcc/bin/../lib/gcc/riscv-none-embed/8.2.0/../../../../riscv-none-embed/lib/rv32ecxw/ilp32e\libg_nano.a(lib_a-locale.o)
 *fill*         0x00000000000022a9        0x3 
 .rodata.str1.4
                0x00000000000022ac        0x4 c:/mounriver/mounriver_studio/toolchain/risc-v embedded gcc/bin/../lib/gcc/riscv-none-embed/8.2.0/../../../../riscv-none-embed/lib/rv32ecxw/ilp32e\libg_nano.a(lib_a-locale.o)
                                          0x2 (size before relaxing)
 .rodata._ctype_
                0x00000000000022b0      0x101 c:/mounriver/mounriver_studio/toolchain/risc-v embedded gcc/bin/../lib/gcc/riscv-none-embed/8.2.0/../../../../riscv-none-embed/lib/rv32ecxw/ilp32e\libg_nano.a(lib_a-ctype_.o)
                0x00000000000022b0                _ctype_
 *(.gnu.linkonce.t.*)
                0x00000000000023b4                . = ALIGN (0x4)
 *fill*         0x00000000000023b1        0x3 

.rela.dyn       0x00000000000023b4        0x0
 .rela.init     0x00000000000023b4        0x0 ./User/TTS.o
 .rela.text.handle_reset
                0x00000000000023b4        0x0 ./User/TTS.o
 .rela.data.impure_data
                0x00000000000023b4        0x0 ./User/TTS.o

.fini           0x00000000000023b4        0x0
 *(SORT_NONE(.fini))
                0x00000000000023b4                . = ALIGN (0x4)
                [!provide]                        PROVIDE (_etext = .)
                [!provide]                        PROVIDE (_eitcm = .)

.preinit_array  0x00000000000023b4        0x0
                [!provide]                        PROVIDE (__preinit_array_start = .)
 *(.preinit_array)
                [!provide]                        PROVIDE (__preinit_array_end = .)

.init_array     0x00000000000023b4        0x0
                [!provide]                        PROVIDE (__init_array_start = .)
 *(SORT_BY_INIT_PRIORITY(.init_array.*) SORT_BY_INIT_PRIORITY(.ctors.*))
 *(.init_array EXCLUDE_FILE(*crtend?.o *crtend.o *crtbegin?.o *crtbegin.o) .ctors)
                [!provide]                        PROVIDE (__init_array_end = .)

.fini_array     0x00000000000023b4        0x0
                [!provide]                        PROVIDE (__fini_array_start = .)
 *(SORT_BY_INIT_PRIORITY(.fini_array.*) SORT_BY_INIT_PRIORITY(.dtors.*))
 *(.fini_array EXCLUDE_FILE(*crtend?.o *crtend.o *crtbegin?.o *crtbegin.o) .dtors)
                [!provide]                        PROVIDE (__fini_array_end = .)

.ctors
 *crtbegin.o(.ctors)
 *crtbegin?.o(.ctors)
 *(EXCLUDE_FILE(*crtend?.o *crtend.o) .ctors)
 *(SORT_BY_NAME(.ctors.*))
 *(.ctors)

.dtors
 *crtbegin.o(.dtors)
 *crtbegin?.o(.dtors)
 *(EXCLUDE_FILE(*crtend?.o *crtend.o) .dtors)
 *(SORT_BY_NAME(.dtors.*))
 *(.dtors)

.dalign         0x0000000020000000        0x0 load address 0x00000000000023b4
                0x0000000020000000                . = ALIGN (0x4)
                0x0000000020000000                PROVIDE (_data_vma = .)

.dlalign        0x00000000000023b4        0x0
                0x00000000000023b4                . = ALIGN (0x4)
                0x00000000000023b4                PROVIDE (_data_lma = .)

.data           0x0000000020000000      0x200 load address 0x00000000000023b4
                0x0000000020000000                . = ALIGN (0x4)
 *(.gnu.linkonce.r.*)
 *(.data .data.*)
 .data.lastptr  0x0000000020000000        0x4 ./User/main.o
                0x0000000020000000                lastptr
 .data.SystemCoreClock
                0x0000000020000004        0x4 ./User/system_ch32v00x.o
                0x0000000020000004                SystemCoreClock
 .data.ADCPrescTable
                0x0000000020000008       0x14 ./Peripheral/src/ch32v00x_rcc.o
 .data.APBAHBPrescTable
                0x000000002000001c       0x10 ./Peripheral/src/ch32v00x_rcc.o
 .data.impure_data
                0x000000002000002c       0x60 c:/mounriver/mounriver_studio/toolchain/risc-v embedded gcc/bin/../lib/gcc/riscv-none-embed/8.2.0/../../../../riscv-none-embed/lib/rv32ecxw/ilp32e\libg_nano.a(lib_a-impure.o)
 .data.__global_locale
                0x000000002000008c      0x16c c:/mounriver/mounriver_studio/toolchain/risc-v embedded gcc/bin/../lib/gcc/riscv-none-embed/8.2.0/../../../../riscv-none-embed/lib/rv32ecxw/ilp32e\libg_nano.a(lib_a-locale.o)
                0x000000002000008c                __global_locale
 *(.gnu.linkonce.d.*)
                0x00000000200001f8                . = ALIGN (0x8)
                0x00000000200009f8                PROVIDE (__global_pointer$ = (. + 0x800))
 *(.sdata .sdata.*)
 .sdata._impure_ptr
                0x00000000200001f8        0x4 c:/mounriver/mounriver_studio/toolchain/risc-v embedded gcc/bin/../lib/gcc/riscv-none-embed/8.2.0/../../../../riscv-none-embed/lib/rv32ecxw/ilp32e\libg_nano.a(lib_a-impure.o)
                0x00000000200001f8                _impure_ptr
 *(.sdata2*)
 *(.gnu.linkonce.s.*)
                0x0000000020000200                . = ALIGN (0x8)
 *fill*         0x00000000200001fc        0x4 
 *(.srodata.cst16)
 *(.srodata.cst8)
 *(.srodata.cst4)
 *(.srodata.cst2)
 *(.srodata .srodata.*)
                0x0000000020000200                . = ALIGN (0x4)
                0x0000000020000200                PROVIDE (_edata = .)

.bss            0x0000000020000200      0x26c load address 0x00000000000025b4
                0x0000000020000200                . = ALIGN (0x4)
                0x0000000020000200                PROVIDE (_sbss = .)
 *(.sbss*)
 *(.gnu.linkonce.sb.*)
 *(.bss*)
 .bss.defaultPitch
                0x0000000020000200        0x1 ./User/TTS.o
                0x0000000020000200                defaultPitch
 *fill*         0x0000000020000201        0x3 
 .bss.modifier  0x0000000020000204       0x80 ./User/TTS.o
 .bss.phonemes  0x0000000020000284       0x80 ./User/TTS.o
 .bss.pin       0x0000000020000304        0x4 ./User/TTS.o
                0x0000000020000304                pin
 .bss.seed0     0x0000000020000308        0x1 ./User/TTS.o
 .bss.seed1     0x0000000020000309        0x1 ./User/TTS.o
 .bss.seed2     0x000000002000030a        0x1 ./User/TTS.o
 *fill*         0x000000002000030b        0x1 
 .bss.line      0x000000002000030c       0x50 ./User/main.o
                0x000000002000030c                line
 .bss.pos       0x000000002000035c        0x4 ./User/main.o
                0x000000002000035c                pos
 .bss.rxbuff    0x0000000020000360      0x100 ./User/main.o
                0x0000000020000360                rxbuff
 .bss.rxptr     0x0000000020000460        0x1 ./User/main.o
                0x0000000020000460                rxptr
 *fill*         0x0000000020000461        0x3 
 .bss.NVIC_Priority_Group
                0x0000000020000464        0x4 ./Peripheral/src/ch32v00x_misc.o
                0x0000000020000464                NVIC_Priority_Group
 .bss.p_ms      0x0000000020000468        0x2 ./Debug/debug.o
 .bss.p_us      0x000000002000046a        0x1 ./Debug/debug.o
 *(.gnu.linkonce.b.*)
 *(COMMON*)
                0x000000002000046c                . = ALIGN (0x4)
 *fill*         0x000000002000046b        0x1 
                0x000000002000046c                PROVIDE (_ebss = .)
                0x000000002000046c                PROVIDE (_end = _ebss)
                [!provide]                        PROVIDE (end = .)

.stack          0x0000000020000700      0x100
                0x0000000020000700                PROVIDE (_heap_end = .)
                0x0000000020000700                . = ALIGN (0x4)
                [!provide]                        PROVIDE (_susrstack = .)
                0x0000000020000800                . = (. + __stack_size)
 *fill*         0x0000000020000700      0x100 
                0x0000000020000800                PROVIDE (_eusrstack = .)
OUTPUT(SpeechTest2.elf elf32-littleriscv)

.debug_info     0x0000000000000000    0x102d5
 .debug_info    0x0000000000000000     0x45ac ./User/TTS.o
 .debug_info    0x00000000000045ac      0x962 ./User/ch32v00x_it.o
 .debug_info    0x0000000000004f0e     0x15dc ./User/main.o
 .debug_info    0x00000000000064ea      0xc01 ./User/sound.o
 .debug_info    0x00000000000070eb      0xb59 ./User/system_ch32v00x.o
 .debug_info    0x0000000000007c44       0x22 ./Startup/startup_ch32v00x.o
 .debug_info    0x0000000000007c66      0xd17 ./Peripheral/src/ch32v00x_dma.o
 .debug_info    0x000000000000897d      0xf89 ./Peripheral/src/ch32v00x_gpio.o
 .debug_info    0x0000000000009906      0xdda ./Peripheral/src/ch32v00x_misc.o
 .debug_info    0x000000000000a6e0     0x1063 ./Peripheral/src/ch32v00x_rcc.o
 .debug_info    0x000000000000b743     0x2949 ./Peripheral/src/ch32v00x_tim.o
 .debug_info    0x000000000000e08c     0x1351 ./Peripheral/src/ch32v00x_usart.o
 .debug_info    0x000000000000f3dd      0xef8 ./Debug/debug.o

.debug_abbrev   0x0000000000000000     0x24f1
 .debug_abbrev  0x0000000000000000      0x48f ./User/TTS.o
 .debug_abbrev  0x000000000000048f      0x1cf ./User/ch32v00x_it.o
 .debug_abbrev  0x000000000000065e      0x373 ./User/main.o
 .debug_abbrev  0x00000000000009d1      0x225 ./User/sound.o
 .debug_abbrev  0x0000000000000bf6      0x269 ./User/system_ch32v00x.o
 .debug_abbrev  0x0000000000000e5f       0x12 ./Startup/startup_ch32v00x.o
 .debug_abbrev  0x0000000000000e71      0x302 ./Peripheral/src/ch32v00x_dma.o
 .debug_abbrev  0x0000000000001173      0x2f8 ./Peripheral/src/ch32v00x_gpio.o
 .debug_abbrev  0x000000000000146b      0x2fb ./Peripheral/src/ch32v00x_misc.o
 .debug_abbrev  0x0000000000001766      0x36d ./Peripheral/src/ch32v00x_rcc.o
 .debug_abbrev  0x0000000000001ad3      0x408 ./Peripheral/src/ch32v00x_tim.o
 .debug_abbrev  0x0000000000001edb      0x323 ./Peripheral/src/ch32v00x_usart.o
 .debug_abbrev  0x00000000000021fe      0x2f3 ./Debug/debug.o

.debug_loc      0x0000000000000000     0x431d
 .debug_loc     0x0000000000000000     0x1188 ./User/TTS.o
 .debug_loc     0x0000000000001188      0x101 ./User/main.o
 .debug_loc     0x0000000000001289       0x32 ./User/sound.o
 .debug_loc     0x00000000000012bb       0x55 ./User/system_ch32v00x.o
 .debug_loc     0x0000000000001310      0x14a ./Peripheral/src/ch32v00x_dma.o
 .debug_loc     0x000000000000145a      0x670 ./Peripheral/src/ch32v00x_gpio.o
 .debug_loc     0x0000000000001aca       0xce ./Peripheral/src/ch32v00x_misc.o
 .debug_loc     0x0000000000001b98      0x59f ./Peripheral/src/ch32v00x_rcc.o
 .debug_loc     0x0000000000002137     0x1936 ./Peripheral/src/ch32v00x_tim.o
 .debug_loc     0x0000000000003a6d      0x735 ./Peripheral/src/ch32v00x_usart.o
 .debug_loc     0x00000000000041a2      0x17b ./Debug/debug.o

.debug_aranges  0x0000000000000000      0x750
 .debug_aranges
                0x0000000000000000       0x58 ./User/TTS.o
 .debug_aranges
                0x0000000000000058       0x28 ./User/ch32v00x_it.o
 .debug_aranges
                0x0000000000000080       0x38 ./User/main.o
 .debug_aranges
                0x00000000000000b8       0x30 ./User/sound.o
 .debug_aranges
                0x00000000000000e8       0x28 ./User/system_ch32v00x.o
 .debug_aranges
                0x0000000000000110       0x30 ./Startup/startup_ch32v00x.o
 .debug_aranges
                0x0000000000000140       0x60 ./Peripheral/src/ch32v00x_dma.o
 .debug_aranges
                0x00000000000001a0       0x90 ./Peripheral/src/ch32v00x_gpio.o
 .debug_aranges
                0x0000000000000230       0x28 ./Peripheral/src/ch32v00x_misc.o
 .debug_aranges
                0x0000000000000258       0xe0 ./Peripheral/src/ch32v00x_rcc.o
 .debug_aranges
                0x0000000000000338      0x2d0 ./Peripheral/src/ch32v00x_tim.o
 .debug_aranges
                0x0000000000000608      0x100 ./Peripheral/src/ch32v00x_usart.o
 .debug_aranges
                0x0000000000000708       0x48 ./Debug/debug.o

.debug_ranges   0x0000000000000000      0xad0
 .debug_ranges  0x0000000000000000      0x3f0 ./User/TTS.o
 .debug_ranges  0x00000000000003f0       0x18 ./User/ch32v00x_it.o
 .debug_ranges  0x0000000000000408       0x68 ./User/main.o
 .debug_ranges  0x0000000000000470       0x20 ./User/sound.o
 .debug_ranges  0x0000000000000490       0x18 ./User/system_ch32v00x.o
 .debug_ranges  0x00000000000004a8       0x28 ./Startup/startup_ch32v00x.o
 .debug_ranges  0x00000000000004d0       0x50 ./Peripheral/src/ch32v00x_dma.o
 .debug_ranges  0x0000000000000520       0x80 ./Peripheral/src/ch32v00x_gpio.o
 .debug_ranges  0x00000000000005a0       0x48 ./Peripheral/src/ch32v00x_misc.o
 .debug_ranges  0x00000000000005e8       0xd0 ./Peripheral/src/ch32v00x_rcc.o
 .debug_ranges  0x00000000000006b8      0x2f0 ./Peripheral/src/ch32v00x_tim.o
 .debug_ranges  0x00000000000009a8       0xf0 ./Peripheral/src/ch32v00x_usart.o
 .debug_ranges  0x0000000000000a98       0x38 ./Debug/debug.o

.debug_line     0x0000000000000000     0x9486
 .debug_line    0x0000000000000000     0x157d ./User/TTS.o
 .debug_line    0x000000000000157d      0x219 ./User/ch32v00x_it.o
 .debug_line    0x0000000000001796      0x9a4 ./User/main.o
 .debug_line    0x000000000000213a      0x290 ./User/sound.o
 .debug_line    0x00000000000023ca      0x4b1 ./User/system_ch32v00x.o
 .debug_line    0x000000000000287b      0x1ae ./Startup/startup_ch32v00x.o
 .debug_line    0x0000000000002a29      0x765 ./Peripheral/src/ch32v00x_dma.o
 .debug_line    0x000000000000318e      0xb8f ./Peripheral/src/ch32v00x_gpio.o
 .debug_line    0x0000000000003d1d      0x499 ./Peripheral/src/ch32v00x_misc.o
 .debug_line    0x00000000000041b6      0xd34 ./Peripheral/src/ch32v00x_rcc.o
 .debug_line    0x0000000000004eea     0x2fc9 ./Peripheral/src/ch32v00x_tim.o
 .debug_line    0x0000000000007eb3      0xed6 ./Peripheral/src/ch32v00x_usart.o
 .debug_line    0x0000000000008d89      0x6fd ./Debug/debug.o

.debug_str      0x0000000000000000     0x32cc
 .debug_str     0x0000000000000000     0x1499 ./User/TTS.o
                                       0x1533 (size before relaxing)
 .debug_str     0x0000000000001499       0x34 ./User/ch32v00x_it.o
                                        0x5a2 (size before relaxing)
 .debug_str     0x00000000000014cd      0x6fa ./User/main.o
                                        0xcb0 (size before relaxing)
 .debug_str     0x0000000000001bc7       0x10 ./User/sound.o
                                        0x6e8 (size before relaxing)
 .debug_str     0x0000000000001bd7       0xeb ./User/system_ch32v00x.o
                                        0x6a1 (size before relaxing)
 .debug_str     0x0000000000001cc2       0x2a ./Startup/startup_ch32v00x.o
                                         0x50 (size before relaxing)
 .debug_str     0x0000000000001cec      0x118 ./Peripheral/src/ch32v00x_dma.o
                                        0x7df (size before relaxing)
 .debug_str     0x0000000000001e04      0x1e1 ./Peripheral/src/ch32v00x_gpio.o
                                        0x8f6 (size before relaxing)
 .debug_str     0x0000000000001fe5      0x2e3 ./Peripheral/src/ch32v00x_misc.o
                                        0x8fe (size before relaxing)
 .debug_str     0x00000000000022c8      0x2e8 ./Peripheral/src/ch32v00x_rcc.o
                                        0x99d (size before relaxing)
 .debug_str     0x00000000000025b0      0x955 ./Peripheral/src/ch32v00x_tim.o
                                       0x123b (size before relaxing)
 .debug_str     0x0000000000002f05      0x367 ./Peripheral/src/ch32v00x_usart.o
                                        0xaec (size before relaxing)
 .debug_str     0x000000000000326c       0x60 ./Debug/debug.o
                                        0x8d7 (size before relaxing)

.comment        0x0000000000000000       0x33
 .comment       0x0000000000000000       0x33 ./User/TTS.o
                                         0x34 (size before relaxing)
 .comment       0x0000000000000033       0x34 ./User/ch32v00x_it.o
 .comment       0x0000000000000033       0x34 ./User/main.o
 .comment       0x0000000000000033       0x34 ./User/sound.o
 .comment       0x0000000000000033       0x34 ./User/system_ch32v00x.o
 .comment       0x0000000000000033       0x34 ./Peripheral/src/ch32v00x_dma.o
 .comment       0x0000000000000033       0x34 ./Peripheral/src/ch32v00x_gpio.o
 .comment       0x0000000000000033       0x34 ./Peripheral/src/ch32v00x_misc.o
 .comment       0x0000000000000033       0x34 ./Peripheral/src/ch32v00x_rcc.o
 .comment       0x0000000000000033       0x34 ./Peripheral/src/ch32v00x_tim.o
 .comment       0x0000000000000033       0x34 ./Peripheral/src/ch32v00x_usart.o
 .comment       0x0000000000000033       0x34 ./Debug/debug.o

.debug_frame    0x0000000000000000     0x1084
 .debug_frame   0x0000000000000000       0xf8 ./User/TTS.o
 .debug_frame   0x00000000000000f8       0x30 ./User/ch32v00x_it.o
 .debug_frame   0x0000000000000128       0x9c ./User/main.o
 .debug_frame   0x00000000000001c4       0x40 ./User/sound.o
 .debug_frame   0x0000000000000204       0x40 ./User/system_ch32v00x.o
 .debug_frame   0x0000000000000244       0xcc ./Peripheral/src/ch32v00x_dma.o
 .debug_frame   0x0000000000000310      0x12c ./Peripheral/src/ch32v00x_gpio.o
 .debug_frame   0x000000000000043c       0x30 ./Peripheral/src/ch32v00x_misc.o
 .debug_frame   0x000000000000046c      0x1c0 ./Peripheral/src/ch32v00x_rcc.o
 .debug_frame   0x000000000000062c      0x614 ./Peripheral/src/ch32v00x_tim.o
 .debug_frame   0x0000000000000c40      0x204 ./Peripheral/src/ch32v00x_usart.o
 .debug_frame   0x0000000000000e44       0xc8 ./Debug/debug.o
 .debug_frame   0x0000000000000f0c       0x30 c:/mounriver/mounriver_studio/toolchain/risc-v embedded gcc/bin/../lib/gcc/riscv-none-embed/8.2.0/../../../../riscv-none-embed/lib/rv32ecxw/ilp32e\libg_nano.a(lib_a-atoi.o)
 .debug_frame   0x0000000000000f3c       0x68 c:/mounriver/mounriver_studio/toolchain/risc-v embedded gcc/bin/../lib/gcc/riscv-none-embed/8.2.0/../../../../riscv-none-embed/lib/rv32ecxw/ilp32e\libg_nano.a(lib_a-strtol.o)
 .debug_frame   0x0000000000000fa4       0x78 c:/mounriver/mounriver_studio/toolchain/risc-v embedded gcc/bin/../lib/gcc/riscv-none-embed/8.2.0/../../../../riscv-none-embed/lib/rv32ecxw/ilp32e\libg_nano.a(lib_a-locale.o)
 .debug_frame   0x000000000000101c       0x38 c:/mounriver/mounriver_studio/toolchain/risc-v embedded gcc/bin/../lib/gcc/riscv-none-embed/8.2.0/../../../../riscv-none-embed/lib/rv32ecxw/ilp32e\libg_nano.a(lib_a-mbtowc_r.o)
 .debug_frame   0x0000000000001054       0x30 c:/mounriver/mounriver_studio/toolchain/risc-v embedded gcc/bin/../lib/gcc/riscv-none-embed/8.2.0/../../../../riscv-none-embed/lib/rv32ecxw/ilp32e\libg_nano.a(lib_a-wctomb_r.o)
